--- Testing Dashboard Stats ---
Initial stats: { workers: 20, jobs: 20, attendance: 0, approvals: 7 }
Marking attendance for Labour 1 at Site 1 for 2026-02-09...
Attendance marked.
Updated stats: { workers: 20, jobs: 20, attendance: 0, approvals: 7 }
Check if "attendance" count in Updated stats reflects the addition.
